// Jest Snapshot v1, https://goo.gl/fbAQLP

exports[`should remove imports 1`] = `
"

const layoutProps = {
  
};
export default class MDXContent extends React.Component {
  constructor(props) {
    super(props)
    this.layout = null
  }
  render() {
    const { components, ...props } = this.props

    return <MDXTag
             name=\\"wrapper\\"
             
             components={components}><MDXTag name=\\"h1\\" components={components}>{\`Hello world\`}</MDXTag>
<Divider />
<MDXTag name=\\"ul\\" components={components}>
<MDXTag name=\\"li\\" components={components} parentName=\\"ul\\">{\`item 1\`}</MDXTag>
<MDXTag name=\\"li\\" components={components} parentName=\\"ul\\">{\`item 2\`}</MDXTag>
</MDXTag>
           </MDXTag>
  }
}
MDXContent.isMDXComponent = true"
`;
